current directory: /usr/local/google/home/ridwanmsharif/Software/src/github.com/ridwanmsharif/ridwanmsharif.github.io/vendor/bundle/ruby/3.1.0/gems/io-event-1.11.2/ext
/usr/bin/ruby3.1 -I/usr/lib/ruby/vendor_ruby extconf.rb
checking for whether -Wall is accepted as CFLAGS... yes
checking for whether -Wno-unknown-pragmas is accepted as CFLAGS... yes
checking for whether -std=c99 is accepted as CFLAGS... yes
checking for rb_ext_ractor_safe()... yes
checking for &rb_fiber_transfer()... yes
checking for -luring... no
checking for sys/epoll.h... yes
checking for sys/event.h... no
checking for sys/wait.h... yes
checking for sys/eventfd.h... yes
checking for rb_io_descriptor()... yes
checking for &rb_process_status_wait()... no
checking for rb_fiber_current()... yes
checking for &rb_fiber_raise()... yes
checking for epoll_pwait2()... yes
checking for ruby/io/buffer.h... yes
checking for rb_fiber_scheduler_blocking_operation_extract()... no
creating extconf.h
creating Makefile

current directory: /usr/local/google/home/ridwanmsharif/Software/src/github.com/ridwanmsharif/ridwanmsharif.github.io/vendor/bundle/ruby/3.1.0/gems/io-event-1.11.2/ext
make DESTDIR\= sitearchdir\=./.gem.20251103-155475-q7n6wn sitelibdir\=./.gem.20251103-155475-q7n6wn clean

current directory: /usr/local/google/home/ridwanmsharif/Software/src/github.com/ridwanmsharif/ridwanmsharif.github.io/vendor/bundle/ruby/3.1.0/gems/io-event-1.11.2/ext
make DESTDIR\= sitearchdir\=./.gem.20251103-155475-q7n6wn sitelibdir\=./.gem.20251103-155475-q7n6wn
compiling ./io/event/selector/epoll.c
compiling ./io/event/event.c
compiling ./io/event/fiber.c
compiling ./io/event/interrupt.c
compiling ./io/event/selector/selector.c
compiling ./io/event/time.c
linking shared-object IO_Event.so

current directory: /usr/local/google/home/ridwanmsharif/Software/src/github.com/ridwanmsharif/ridwanmsharif.github.io/vendor/bundle/ruby/3.1.0/gems/io-event-1.11.2/ext
make DESTDIR\= sitearchdir\=./.gem.20251103-155475-q7n6wn sitelibdir\=./.gem.20251103-155475-q7n6wn install
/usr/bin/install -c -m 0755 IO_Event.so ./.gem.20251103-155475-q7n6wn

current directory: /usr/local/google/home/ridwanmsharif/Software/src/github.com/ridwanmsharif/ridwanmsharif.github.io/vendor/bundle/ruby/3.1.0/gems/io-event-1.11.2/ext
make DESTDIR\= sitearchdir\=./.gem.20251103-155475-q7n6wn sitelibdir\=./.gem.20251103-155475-q7n6wn clean
