current directory: /usr/local/google/home/ridwanmsharif/Software/src/github.com/ridwanmsharif/ridwanmsharif.github.io/vendor/bundle/ruby/3.1.0/gems/http_parser.rb-0.8.0/ext/ruby_http_parser
/usr/local/google/home/ridwanmsharif/.rbenv/versions/3.1.2/bin/ruby extconf.rb
creating Makefile

current directory: /usr/local/google/home/ridwanmsharif/Software/src/github.com/ridwanmsharif/ridwanmsharif.github.io/vendor/bundle/ruby/3.1.0/gems/http_parser.rb-0.8.0/ext/ruby_http_parser
make DESTDIR\= sitearchdir\=./.gem.20251103-158428-jzleqf sitelibdir\=./.gem.20251103-158428-jzleqf clean

current directory: /usr/local/google/home/ridwanmsharif/Software/src/github.com/ridwanmsharif/ridwanmsharif.github.io/vendor/bundle/ruby/3.1.0/gems/http_parser.rb-0.8.0/ext/ruby_http_parser
make DESTDIR\= sitearchdir\=./.gem.20251103-158428-jzleqf sitelibdir\=./.gem.20251103-158428-jzleqf
compiling ruby_http_parser.c
ruby_http_parser.c: In function ‘Parser_execute’:
ruby_http_parser.c:365:17: warning: comparison of integer expressions of different signedness: ‘size_t’ {aka ‘long unsigned int’} and ‘long int’ [-Wsign-compare]
  365 |     if (nparsed < len)
      |                 ^
At top level:
cc1: note: unrecognized command-line option ‘-Wno-self-assign’ may have been intended to silence earlier diagnostics
cc1: note: unrecognized command-line option ‘-Wno-parentheses-equality’ may have been intended to silence earlier diagnostics
cc1: note: unrecognized command-line option ‘-Wno-constant-logical-operand’ may have been intended to silence earlier diagnostics
compiling ryah_http_parser.c
linking shared-object ruby_http_parser.so

current directory: /usr/local/google/home/ridwanmsharif/Software/src/github.com/ridwanmsharif/ridwanmsharif.github.io/vendor/bundle/ruby/3.1.0/gems/http_parser.rb-0.8.0/ext/ruby_http_parser
make DESTDIR\= sitearchdir\=./.gem.20251103-158428-jzleqf sitelibdir\=./.gem.20251103-158428-jzleqf install
/usr/bin/install -c -m 0755 ruby_http_parser.so ./.gem.20251103-158428-jzleqf

current directory: /usr/local/google/home/ridwanmsharif/Software/src/github.com/ridwanmsharif/ridwanmsharif.github.io/vendor/bundle/ruby/3.1.0/gems/http_parser.rb-0.8.0/ext/ruby_http_parser
make DESTDIR\= sitearchdir\=./.gem.20251103-158428-jzleqf sitelibdir\=./.gem.20251103-158428-jzleqf clean
