current directory: /usr/local/google/home/ridwanmsharif/Software/src/github.com/ridwanmsharif/ridwanmsharif.github.io/vendor/bundle/ruby/3.1.0/gems/json-2.15.2/ext/json/ext/parser
/usr/local/google/home/ridwanmsharif/.rbenv/versions/3.1.2/bin/ruby extconf.rb
checking for rb_enc_interned_str() in ruby/encoding.h... yes
checking for rb_hash_new_capa() in ruby.h... no
checking for rb_hash_bulk_insert() in ruby.h... yes
checking for strnlen() in string.h... yes
checking for whether -std=c99 is accepted as CFLAGS... yes
checking for x86intrin.h... yes
checking for cpuid.h... yes
creating Makefile

current directory: /usr/local/google/home/ridwanmsharif/Software/src/github.com/ridwanmsharif/ridwanmsharif.github.io/vendor/bundle/ruby/3.1.0/gems/json-2.15.2/ext/json/ext/parser
make DESTDIR\= sitearchdir\=./.gem.20251103-158428-q63u1e sitelibdir\=./.gem.20251103-158428-q63u1e clean

current directory: /usr/local/google/home/ridwanmsharif/Software/src/github.com/ridwanmsharif/ridwanmsharif.github.io/vendor/bundle/ruby/3.1.0/gems/json-2.15.2/ext/json/ext/parser
make DESTDIR\= sitearchdir\=./.gem.20251103-158428-q63u1e sitelibdir\=./.gem.20251103-158428-q63u1e
compiling parser.c
linking shared-object json/ext/parser.so

current directory: /usr/local/google/home/ridwanmsharif/Software/src/github.com/ridwanmsharif/ridwanmsharif.github.io/vendor/bundle/ruby/3.1.0/gems/json-2.15.2/ext/json/ext/parser
make DESTDIR\= sitearchdir\=./.gem.20251103-158428-q63u1e sitelibdir\=./.gem.20251103-158428-q63u1e install
/usr/bin/install -c -m 0755 parser.so ./.gem.20251103-158428-q63u1e/json/ext

current directory: /usr/local/google/home/ridwanmsharif/Software/src/github.com/ridwanmsharif/ridwanmsharif.github.io/vendor/bundle/ruby/3.1.0/gems/json-2.15.2/ext/json/ext/parser
make DESTDIR\= sitearchdir\=./.gem.20251103-158428-q63u1e sitelibdir\=./.gem.20251103-158428-q63u1e clean
